components/CinematicCamera.tsx(94,22): error TS2339: Property 'updateMatrixWorld' does not exist on type 'never'.
components/CinematicCamera.tsx(97,22): error TS2339: Property 'getWorldPosition' does not exist on type 'never'.
components/CinematicCamera.tsx(98,22): error TS2339: Property 'getWorldQuaternion' does not exist on type 'never'.
components/SolidArtifact.tsx(54,29): error TS18047: 'mat.map' is possibly 'null'.
components/SolidArtifact.tsx(55,29): error TS18047: 'mat.map' is possibly 'null'.
components/SolidArtifact.tsx(59,29): error TS18047: 'mat.normalMap' is possibly 'null'.
components/SolidArtifact.tsx(63,29): error TS18047: 'mat.roughnessMap' is possibly 'null'.
components/SolidArtifact.tsx(67,29): error TS18047: 'mat.metalnessMap' is possibly 'null'.
components/SolidArtifact.tsx(71,29): error TS18047: 'mat.aoMap' is possibly 'null'.
